Nothing to build in platform 'soc_pmod'

11:26:56 **** Build of configuration Debug for project pmod_control ****
make all 
make --no-print-directory pre-build
a9-linaro-pre-build-step
' '
make --no-print-directory main-build
'Building file: ../src/main.c'
'Invoking: ARM v7 gcc compiler'
arm-none-eabi-gcc -Wall -O0 -g3 -c -fmessage-length=0 -MT"src/main.o" -mcpu=cortex-a9 -mfpu=vfpv3 -mfloat-abi=hard -IC:/repo/my_project/5_my_work/2_PMOD_Control/soc_pmod/export/soc_pmod/sw/soc_pmod/standalone_domain/bspinclude/include -MMD -MP -MF"src/main.d" -MT"src/main.o" -o "src/main.o" "../src/main.c"
../src/main.c: In function 'main':
../src/main.c:81:14: warning: unused variable 'led_mask' [-Wunused-variable]
   81 |     uint32_t led_mask = mask_n(LED_WIDTH);
      |              ^~~~~~~~
'Finished building: ../src/main.c'
' '
'Building target: pmod_control.elf'
'Invoking: ARM v7 gcc linker'
arm-none-eabi-gcc -mcpu=cortex-a9 -mfpu=vfpv3 -mfloat-abi=hard -Wl,-build-id=none -specs=Xilinx.spec -Wl,-T -Wl,../src/lscript.ld -LC:/repo/my_project/5_my_work/2_PMOD_Control/soc_pmod/export/soc_pmod/sw/soc_pmod/standalone_domain/bsplib/lib -o "pmod_control.elf"  ./src/main.o   -Wl,--start-group,-lxil,-lgcc,-lc,--end-group
'Finished building target: pmod_control.elf'
' '
'Invoking: ARM v7 Print Size'
arm-none-eabi-size pmod_control.elf  |tee "pmod_control.elf.size"
   text	   data	    bss	    dec	    hex	filename
  25584	   1424	  22984	  49992	   c348	pmod_control.elf
'Finished building: pmod_control.elf.size'
' '
